// Jest Snapshot v1, https://goo.gl/fbAQLP

exports[`<Rating /> should render the rating correctly 1`] = ` `
